==32483== Memcheck, a memory error detector
==32483== Copyright (C) 2002-2017, and GNU GPL'd, by Julian Seward et al.
==32483== Using Valgrind-3.13.0 and LibVEX; rerun with -h for copyright info
==32483== Command: ./minishell
==32483== Parent PID: 32444
==32483== 
==32486== Invalid free() / delete / delete[] / realloc()
==32486==    at 0x4C32D3B: free (in /usr/lib/valgrind/vgpreload_memcheck-amd64-linux.so)
==32486==    by 0x400AEF: ft_free_cmd_and_executable (free_memory.c:57)
==32486==    by 0x401C16: ft_minishell (minishell.c:55)
==32486==    by 0x401AD4: main (main.c:29)
==32486==  Address 0x56cff20 is 0 bytes inside a block of size 6 free'd
==32486==    at 0x4C32D3B: free (in /usr/lib/valgrind/vgpreload_memcheck-amd64-linux.so)
==32486==    by 0x400AD3: ft_free_cmd_and_executable (free_memory.c:54)
==32486==    by 0x401C16: ft_minishell (minishell.c:55)
==32486==    by 0x401AD4: main (main.c:29)
==32486==  Block was alloc'd at
==32486==    at 0x4C31B0F: malloc (in /usr/lib/valgrind/vgpreload_memcheck-amd64-linux.so)
==32486==    by 0x401CC8: ft_calloc (in /home/user42/Bureau/duo_minishell/minishell)
==32486==    by 0x400BCE: ft_extract_cmd (handle_executable.c:42)
==32486==    by 0x401B62: ft_minishell (minishell.c:40)
==32486==    by 0x401AD4: main (main.c:29)
==32486== 
==32486== Syscall param execve(filename) points to unaddressable byte(s)
==32486==    at 0x516BAE7: execve (syscall-template.S:78)
==32486==    by 0x401C3F: ft_minishell (minishell.c:57)
==32486==    by 0x401AD4: main (main.c:29)
==32486==  Address 0x56cffc0 is 0 bytes inside a block of size 6 free'd
==32486==    at 0x4C32D3B: free (in /usr/lib/valgrind/vgpreload_memcheck-amd64-linux.so)
==32486==    by 0x400961: ft_create_execve (execve_utils.c:57)
==32486==    by 0x401C23: ft_minishell (minishell.c:56)
==32486==    by 0x401AD4: main (main.c:29)
==32486==  Block was alloc'd at
==32486==    at 0x4C31B0F: malloc (in /usr/lib/valgrind/vgpreload_memcheck-amd64-linux.so)
==32486==    by 0x401CC8: ft_calloc (in /home/user42/Bureau/duo_minishell/minishell)
==32486==    by 0x400BCE: ft_extract_cmd (handle_executable.c:42)
==32486==    by 0x400933: ft_create_execve (execve_utils.c:54)
==32486==    by 0x401C23: ft_minishell (minishell.c:56)
==32486==    by 0x401AD4: main (main.c:29)
==32486== 
==32486== 
==32486== HEAP SUMMARY:
==32486==     in use at exit: 130,342 bytes in 197 blocks
==32486==   total heap usage: 539 allocs, 343 frees, 154,033 bytes allocated
==32486== 
==32486== 4 bytes in 1 blocks are definitely lost in loss record 1 of 46
==32486==    at 0x4C31B0F: malloc (in /usr/lib/valgrind/vgpreload_memcheck-amd64-linux.so)
==32486==    by 0x401CC8: ft_calloc (in /home/user42/Bureau/duo_minishell/minishell)
==32486==    by 0x400BCE: ft_extract_cmd (handle_executable.c:42)
==32486==    by 0x401B62: ft_minishell (minishell.c:40)
==32486==    by 0x401AD4: main (main.c:29)
==32486== 
==32486== 8 bytes in 1 blocks are still reachable in loss record 2 of 46
==32486==    at 0x4C31B0F: malloc (in /usr/lib/valgrind/vgpreload_memcheck-amd64-linux.so)
==32486==    by 0x51249D9: strdup (strdup.c:42)
==32486==    by 0x548FDDD: _nc_trim_sgr0 (in /lib/x86_64-linux-gnu/libtinfo.so.5.9)
==32486==    by 0x5489C25: tgetent (in /lib/x86_64-linux-gnu/libtinfo.so.5.9)
==32486==    by 0x4E6BAAB: _rl_init_terminal_io (in /lib/x86_64-linux-gnu/libreadline.so.7.0)
==32486==    by 0x4E52CA8: rl_initialize (in /lib/x86_64-linux-gnu/libreadline.so.7.0)
==32486==    by 0x4E52EE6: readline (in /lib/x86_64-linux-gnu/libreadline.so.7.0)
==32486==    by 0x401B15: ft_minishell (minishell.c:32)
==32486==    by 0x401AD4: main (main.c:29)
==32486== 
==32486== 9 bytes in 1 blocks are definitely lost in loss record 3 of 46
==32486==    at 0x4C31B0F: malloc (in /usr/lib/valgrind/vgpreload_memcheck-amd64-linux.so)
==32486==    by 0x401CC8: ft_calloc (in /home/user42/Bureau/duo_minishell/minishell)
==32486==    by 0x400E9A: ft_strcat_path_and_cmd (handle_executable.c:121)
==32486==    by 0x40104F: ft_search_executable (handle_executable.c:159)
==32486==    by 0x401B86: ft_minishell (minishell.c:41)
==32486==    by 0x401AD4: main (main.c:29)
==32486== 
==32486== 11 bytes in 1 blocks are still reachable in loss record 4 of 46
==32486==    at 0x4C31B0F: malloc (in /usr/lib/valgrind/vgpreload_memcheck-amd64-linux.so)
==32486==    by 0x4E75738: xmalloc (in /lib/x86_64-linux-gnu/libreadline.so.7.0)
==32486==    by 0x4E51B23: rl_set_prompt (in /lib/x86_64-linux-gnu/libreadline.so.7.0)
==32486==    by 0x4E52EE1: readline (in /lib/x86_64-linux-gnu/libreadline.so.7.0)
==32486==    by 0x401B15: ft_minishell (minishell.c:32)
==32486==    by 0x401AD4: main (main.c:29)
==32486== 
==32486== 11 bytes in 1 blocks are still reachable in loss record 5 of 46
==32486==    at 0x4C31B0F: malloc (in /usr/lib/valgrind/vgpreload_memcheck-amd64-linux.so)
==32486==    by 0x4E75738: xmalloc (in /lib/x86_64-linux-gnu/libreadline.so.7.0)
==32486==    by 0x4E61F69: ??? (in /lib/x86_64-linux-gnu/libreadline.so.7.0)
==32486==    by 0x4E6251D: rl_expand_prompt (in /lib/x86_64-linux-gnu/libreadline.so.7.0)
==32486==    by 0x4E51B44: rl_set_prompt (in /lib/x86_64-linux-gnu/libreadline.so.7.0)
==32486==    by 0x4E52EE1: readline (in /lib/x86_64-linux-gnu/libreadline.so.7.0)
==32486==    by 0x401B15: ft_minishell (minishell.c:32)
==32486==    by 0x401AD4: main (main.c:29)
==32486== 
==32486== 12 bytes in 2 blocks are indirectly lost in loss record 6 of 46
==32486==    at 0x4C31B0F: malloc (in /usr/lib/valgrind/vgpreload_memcheck-amd64-linux.so)
==32486==    by 0x40202C: affect (in /home/user42/Bureau/duo_minishell/minishell)
==32486==    by 0x401EBD: ft_split (in /home/user42/Bureau/duo_minishell/minishell)
==32486==    by 0x40096F: ft_create_execve (execve_utils.c:58)
==32486==    by 0x401C23: ft_minishell (minishell.c:56)
==32486==    by 0x401AD4: main (main.c:29)
==32486== 
==32486== 13 bytes in 1 blocks are still reachable in loss record 7 of 46
==32486==    at 0x4C31B0F: malloc (in /usr/lib/valgrind/vgpreload_memcheck-amd64-linux.so)
==32486==    by 0x51249D9: strdup (strdup.c:42)
==32486==    by 0x5486AC9: ??? (in /lib/x86_64-linux-gnu/libtinfo.so.5.9)
==32486==    by 0x5486DBC: _nc_first_db (in /lib/x86_64-linux-gnu/libtinfo.so.5.9)
==32486==    by 0x548F7AD: _nc_read_entry (in /lib/x86_64-linux-gnu/libtinfo.so.5.9)
==32486==    by 0x5489288: ??? (in /lib/x86_64-linux-gnu/libtinfo.so.5.9)
==32486==    by 0x54895D1: _nc_setupterm (in /lib/x86_64-linux-gnu/libtinfo.so.5.9)
==32486==    by 0x54899C2: tgetent (in /lib/x86_64-linux-gnu/libtinfo.so.5.9)
==32486==    by 0x4E6BAAB: _rl_init_terminal_io (in /lib/x86_64-linux-gnu/libreadline.so.7.0)
==32486==    by 0x4E52CA8: rl_initialize (in /lib/x86_64-linux-gnu/libreadline.so.7.0)
==32486==    by 0x4E52EE6: readline (in /lib/x86_64-linux-gnu/libreadline.so.7.0)
==32486==    by 0x401B15: ft_minishell (minishell.c:32)
==32486== 
==32486== 13 bytes in 1 blocks are still reachable in loss record 8 of 46
==32486==    at 0x4C31B0F: malloc (in /usr/lib/valgrind/vgpreload_memcheck-amd64-linux.so)
==32486==    by 0x4E75738: xmalloc (in /lib/x86_64-linux-gnu/libreadline.so.7.0)
==32486==    by 0x4E5F902: ??? (in /lib/x86_64-linux-gnu/libreadline.so.7.0)
==32486==    by 0x4E52CD3: rl_initialize (in /lib/x86_64-linux-gnu/libreadline.so.7.0)
==32486==    by 0x4E52EE6: readline (in /lib/x86_64-linux-gnu/libreadline.so.7.0)
==32486==    by 0x401B15: ft_minishell (minishell.c:32)
==32486==    by 0x401AD4: main (main.c:29)
==32486== 
==32486== 14 bytes in 1 blocks are still reachable in loss record 9 of 46
==32486==    at 0x4C33D2F: realloc (in /usr/lib/valgrind/vgpreload_memcheck-amd64-linux.so)
==32486==    by 0x5487292: _nc_doalloc (in /lib/x86_64-linux-gnu/libtinfo.so.5.9)
==32486==    by 0x548AF91: tparm (in /lib/x86_64-linux-gnu/libtinfo.so.5.9)
==32486==    by 0x548FB34: ??? (in /lib/x86_64-linux-gnu/libtinfo.so.5.9)
==32486==    by 0x548FDCF: _nc_trim_sgr0 (in /lib/x86_64-linux-gnu/libtinfo.so.5.9)
==32486==    by 0x5489C25: tgetent (in /lib/x86_64-linux-gnu/libtinfo.so.5.9)
==32486==    by 0x4E6BAAB: _rl_init_terminal_io (in /lib/x86_64-linux-gnu/libreadline.so.7.0)
==32486==    by 0x4E52CA8: rl_initialize (in /lib/x86_64-linux-gnu/libreadline.so.7.0)
==32486==    by 0x4E52EE6: readline (in /lib/x86_64-linux-gnu/libreadline.so.7.0)
==32486==    by 0x401B15: ft_minishell (minishell.c:32)
==32486==    by 0x401AD4: main (main.c:29)
==32486== 
==32486== 15 bytes in 1 blocks are still reachable in loss record 10 of 46
==32486==    at 0x4C31B0F: malloc (in /usr/lib/valgrind/vgpreload_memcheck-amd64-linux.so)
==32486==    by 0x51249D9: strdup (strdup.c:42)
==32486==    by 0x548960D: _nc_setupterm (in /lib/x86_64-linux-gnu/libtinfo.so.5.9)
==32486==    by 0x54899C2: tgetent (in /lib/x86_64-linux-gnu/libtinfo.so.5.9)
==32486==    by 0x4E6BAAB: _rl_init_terminal_io (in /lib/x86_64-linux-gnu/libreadline.so.7.0)
==32486==    by 0x4E52CA8: rl_initialize (in /lib/x86_64-linux-gnu/libreadline.so.7.0)
==32486==    by 0x4E52EE6: readline (in /lib/x86_64-linux-gnu/libreadline.so.7.0)
==32486==    by 0x401B15: ft_minishell (minishell.c:32)
==32486==    by 0x401AD4: main (main.c:29)
==32486== 
==32486== 16 bytes in 1 blocks are still reachable in loss record 11 of 46
==32486==    at 0x4C31B0F: malloc (in /usr/lib/valgrind/vgpreload_memcheck-amd64-linux.so)
==32486==    by 0x4E52D9C: rl_initialize (in /lib/x86_64-linux-gnu/libreadline.so.7.0)
==32486==    by 0x4E52EE6: readline (in /lib/x86_64-linux-gnu/libreadline.so.7.0)
==32486==    by 0x401B15: ft_minishell (minishell.c:32)
==32486==    by 0x401AD4: main (main.c:29)
==32486== 
==32486== 20 bytes in 1 blocks are still reachable in loss record 12 of 46
==32486==    at 0x4C31B0F: malloc (in /usr/lib/valgrind/vgpreload_memcheck-amd64-linux.so)
==32486==    by 0x4E75738: xmalloc (in /lib/x86_64-linux-gnu/libreadline.so.7.0)
==32486==    by 0x4E5D143: ??? (in /lib/x86_64-linux-gnu/libreadline.so.7.0)
==32486==    by 0x4E5F1DD: rl_parse_and_bind (in /lib/x86_64-linux-gnu/libreadline.so.7.0)
==32486==    by 0x4E5F87E: ??? (in /lib/x86_64-linux-gnu/libreadline.so.7.0)
==32486==    by 0x4E52CD3: rl_initialize (in /lib/x86_64-linux-gnu/libreadline.so.7.0)
==32486==    by 0x4E52EE6: readline (in /lib/x86_64-linux-gnu/libreadline.so.7.0)
==32486==    by 0x401B15: ft_minishell (minishell.c:32)
==32486==    by 0x401AD4: main (main.c:29)
==32486== 
==32486== 24 bytes in 1 blocks are indirectly lost in loss record 13 of 46
==32486==    at 0x4C31B0F: malloc (in /usr/lib/valgrind/vgpreload_memcheck-amd64-linux.so)
==32486==    by 0x401E8B: ft_split (in /home/user42/Bureau/duo_minishell/minishell)
==32486==    by 0x40096F: ft_create_execve (execve_utils.c:58)
==32486==    by 0x401C23: ft_minishell (minishell.c:56)
==32486==    by 0x401AD4: main (main.c:29)
==32486== 
==32486== 25 bytes in 1 blocks are still reachable in loss record 14 of 46
==32486==    at 0x4C31B0F: malloc (in /usr/lib/valgrind/vgpreload_memcheck-amd64-linux.so)
==32486==    by 0x54875B4: _nc_home_terminfo (in /lib/x86_64-linux-gnu/libtinfo.so.5.9)
==32486==    by 0x5486DA6: _nc_first_db (in /lib/x86_64-linux-gnu/libtinfo.so.5.9)
==32486==    by 0x548F7AD: _nc_read_entry (in /lib/x86_64-linux-gnu/libtinfo.so.5.9)
==32486==    by 0x5489288: ??? (in /lib/x86_64-linux-gnu/libtinfo.so.5.9)
==32486==    by 0x54895D1: _nc_setupterm (in /lib/x86_64-linux-gnu/libtinfo.so.5.9)
==32486==    by 0x54899C2: tgetent (in /lib/x86_64-linux-gnu/libtinfo.so.5.9)
==32486==    by 0x4E6BAAB: _rl_init_terminal_io (in /lib/x86_64-linux-gnu/libreadline.so.7.0)
==32486==    by 0x4E52CA8: rl_initialize (in /lib/x86_64-linux-gnu/libreadline.so.7.0)
==32486==    by 0x4E52EE6: readline (in /lib/x86_64-linux-gnu/libreadline.so.7.0)
==32486==    by 0x401B15: ft_minishell (minishell.c:32)
==32486==    by 0x401AD4: main (main.c:29)
==32486== 
==32486== 46 bytes in 1 blocks are still reachable in loss record 15 of 46
==32486==    at 0x4C33D2F: realloc (in /usr/lib/valgrind/vgpreload_memcheck-amd64-linux.so)
==32486==    by 0x5487292: _nc_doalloc (in /lib/x86_64-linux-gnu/libtinfo.so.5.9)
==32486==    by 0x548EE66: _nc_read_termtype (in /lib/x86_64-linux-gnu/libtinfo.so.5.9)
==32486==    by 0x548F2FC: ??? (in /lib/x86_64-linux-gnu/libtinfo.so.5.9)
==32486==    by 0x548F4E6: ??? (in /lib/x86_64-linux-gnu/libtinfo.so.5.9)
==32486==    by 0x548F7D0: _nc_read_entry (in /lib/x86_64-linux-gnu/libtinfo.so.5.9)
==32486==    by 0x5489288: ??? (in /lib/x86_64-linux-gnu/libtinfo.so.5.9)
==32486==    by 0x54895D1: _nc_setupterm (in /lib/x86_64-linux-gnu/libtinfo.so.5.9)
==32486==    by 0x54899C2: tgetent (in /lib/x86_64-linux-gnu/libtinfo.so.5.9)
==32486==    by 0x4E6BAAB: _rl_init_terminal_io (in /lib/x86_64-linux-gnu/libreadline.so.7.0)
==32486==    by 0x4E52CA8: rl_initialize (in /lib/x86_64-linux-gnu/libreadline.so.7.0)
==32486==    by 0x4E52EE6: readline (in /lib/x86_64-linux-gnu/libreadline.so.7.0)
==32486== 
==32486== 48 bytes in 1 blocks are still reachable in loss record 16 of 46
==32486==    at 0x4C33B25: calloc (in /usr/lib/valgrind/vgpreload_memcheck-amd64-linux.so)
==32486==    by 0x5486EBB: _nc_first_db (in /lib/x86_64-linux-gnu/libtinfo.so.5.9)
==32486==    by 0x548F7AD: _nc_read_entry (in /lib/x86_64-linux-gnu/libtinfo.so.5.9)
==32486==    by 0x5489288: ??? (in /lib/x86_64-linux-gnu/libtinfo.so.5.9)
==32486==    by 0x54895D1: _nc_setupterm (in /lib/x86_64-linux-gnu/libtinfo.so.5.9)
==32486==    by 0x54899C2: tgetent (in /lib/x86_64-linux-gnu/libtinfo.so.5.9)
==32486==    by 0x4E6BAAB: _rl_init_terminal_io (in /lib/x86_64-linux-gnu/libreadline.so.7.0)
==32486==    by 0x4E52CA8: rl_initialize (in /lib/x86_64-linux-gnu/libreadline.so.7.0)
==32486==    by 0x4E52EE6: readline (in /lib/x86_64-linux-gnu/libreadline.so.7.0)
==32486==    by 0x401B15: ft_minishell (minishell.c:32)
==32486==    by 0x401AD4: main (main.c:29)
==32486== 
==32486== 52 (16 direct, 36 indirect) bytes in 1 blocks are definitely lost in loss record 17 of 46
==32486==    at 0x4C33B25: calloc (in /usr/lib/valgrind/vgpreload_memcheck-amd64-linux.so)
==32486==    by 0x400905: ft_create_execve (execve_utils.c:50)
==32486==    by 0x401C23: ft_minishell (minishell.c:56)
==32486==    by 0x401AD4: main (main.c:29)
==32486== 
==32486== 78 bytes in 1 blocks are still reachable in loss record 18 of 46
==32486==    at 0x4C33D2F: realloc (in /usr/lib/valgrind/vgpreload_memcheck-amd64-linux.so)
==32486==    by 0x5487292: _nc_doalloc (in /lib/x86_64-linux-gnu/libtinfo.so.5.9)
==32486==    by 0x548EE97: _nc_read_termtype (in /lib/x86_64-linux-gnu/libtinfo.so.5.9)
==32486==    by 0x548F2FC: ??? (in /lib/x86_64-linux-gnu/libtinfo.so.5.9)
==32486==    by 0x548F4E6: ??? (in /lib/x86_64-linux-gnu/libtinfo.so.5.9)
==32486==    by 0x548F7D0: _nc_read_entry (in /lib/x86_64-linux-gnu/libtinfo.so.5.9)
==32486==    by 0x5489288: ??? (in /lib/x86_64-linux-gnu/libtinfo.so.5.9)
==32486==    by 0x54895D1: _nc_setupterm (in /lib/x86_64-linux-gnu/libtinfo.so.5.9)
==32486==    by 0x54899C2: tgetent (in /lib/x86_64-linux-gnu/libtinfo.so.5.9)
==32486==    by 0x4E6BAAB: _rl_init_terminal_io (in /lib/x86_64-linux-gnu/libreadline.so.7.0)
==32486==    by 0x4E52CA8: rl_initialize (in /lib/x86_64-linux-gnu/libreadline.so.7.0)
==32486==    by 0x4E52EE6: readline (in /lib/x86_64-linux-gnu/libreadline.so.7.0)
==32486== 
==32486== 94 bytes in 1 blocks are still reachable in loss record 19 of 46
==32486==    at 0x4C31B0F: malloc (in /usr/lib/valgrind/vgpreload_memcheck-amd64-linux.so)
==32486==    by 0x5486E23: _nc_first_db (in /lib/x86_64-linux-gnu/libtinfo.so.5.9)
==32486==    by 0x548F7AD: _nc_read_entry (in /lib/x86_64-linux-gnu/libtinfo.so.5.9)
==32486==    by 0x5489288: ??? (in /lib/x86_64-linux-gnu/libtinfo.so.5.9)
==32486==    by 0x54895D1: _nc_setupterm (in /lib/x86_64-linux-gnu/libtinfo.so.5.9)
==32486==    by 0x54899C2: tgetent (in /lib/x86_64-linux-gnu/libtinfo.so.5.9)
==32486==    by 0x4E6BAAB: _rl_init_terminal_io (in /lib/x86_64-linux-gnu/libreadline.so.7.0)
==32486==    by 0x4E52CA8: rl_initialize (in /lib/x86_64-linux-gnu/libreadline.so.7.0)
==32486==    by 0x4E52EE6: readline (in /lib/x86_64-linux-gnu/libreadline.so.7.0)
==32486==    by 0x401B15: ft_minishell (minishell.c:32)
==32486==    by 0x401AD4: main (main.c:29)
==32486== 
==32486== 94 bytes in 1 blocks are still reachable in loss record 20 of 46
==32486==    at 0x4C31B0F: malloc (in /usr/lib/valgrind/vgpreload_memcheck-amd64-linux.so)
==32486==    by 0x548A7F3: _nc_tparm_analyze (in /lib/x86_64-linux-gnu/libtinfo.so.5.9)
==32486==    by 0x548AB4D: tparm (in /lib/x86_64-linux-gnu/libtinfo.so.5.9)
==32486==    by 0x548FB34: ??? (in /lib/x86_64-linux-gnu/libtinfo.so.5.9)
==32486==    by 0x548FDCF: _nc_trim_sgr0 (in /lib/x86_64-linux-gnu/libtinfo.so.5.9)
==32486==    by 0x5489C25: tgetent (in /lib/x86_64-linux-gnu/libtinfo.so.5.9)
==32486==    by 0x4E6BAAB: _rl_init_terminal_io (in /lib/x86_64-linux-gnu/libreadline.so.7.0)
==32486==    by 0x4E52CA8: rl_initialize (in /lib/x86_64-linux-gnu/libreadline.so.7.0)
==32486==    by 0x4E52EE6: readline (in /lib/x86_64-linux-gnu/libreadline.so.7.0)
==32486==    by 0x401B15: ft_minishell (minishell.c:32)
==32486==    by 0x401AD4: main (main.c:29)
==32486== 
==32486== 208 bytes in 1 blocks are still reachable in loss record 21 of 46
==32486==    at 0x4C33B25: calloc (in /usr/lib/valgrind/vgpreload_memcheck-amd64-linux.so)
==32486==    by 0x54895BA: _nc_setupterm (in /lib/x86_64-linux-gnu/libtinfo.so.5.9)
==32486==    by 0x54899C2: tgetent (in /lib/x86_64-linux-gnu/libtinfo.so.5.9)
==32486==    by 0x4E6BAAB: _rl_init_terminal_io (in /lib/x86_64-linux-gnu/libreadline.so.7.0)
==32486==    by 0x4E52CA8: rl_initialize (in /lib/x86_64-linux-gnu/libreadline.so.7.0)
==32486==    by 0x4E52EE6: readline (in /lib/x86_64-linux-gnu/libreadline.so.7.0)
==32486==    by 0x401B15: ft_minishell (minishell.c:32)
==32486==    by 0x401AD4: main (main.c:29)
==32486== 
==32486== 256 bytes in 1 blocks are still reachable in loss record 22 of 46
==32486==    at 0x4C31B0F: malloc (in /usr/lib/valgrind/vgpreload_memcheck-amd64-linux.so)
==32486==    by 0x4E75738: xmalloc (in /lib/x86_64-linux-gnu/libreadline.so.7.0)
==32486==    by 0x4E52EC6: rl_initialize (in /lib/x86_64-linux-gnu/libreadline.so.7.0)
==32486==    by 0x4E52EE6: readline (in /lib/x86_64-linux-gnu/libreadline.so.7.0)
==32486==    by 0x401B15: ft_minishell (minishell.c:32)
==32486==    by 0x401AD4: main (main.c:29)
==32486== 
==32486== 528 bytes in 1 blocks are still reachable in loss record 23 of 46
==32486==    at 0x4C33B25: calloc (in /usr/lib/valgrind/vgpreload_memcheck-amd64-linux.so)
==32486==    by 0x548F095: _nc_read_termtype (in /lib/x86_64-linux-gnu/libtinfo.so.5.9)
==32486==    by 0x548F2FC: ??? (in /lib/x86_64-linux-gnu/libtinfo.so.5.9)
==32486==    by 0x548F4E6: ??? (in /lib/x86_64-linux-gnu/libtinfo.so.5.9)
==32486==    by 0x548F7D0: _nc_read_entry (in /lib/x86_64-linux-gnu/libtinfo.so.5.9)
==32486==    by 0x5489288: ??? (in /lib/x86_64-linux-gnu/libtinfo.so.5.9)
==32486==    by 0x54895D1: _nc_setupterm (in /lib/x86_64-linux-gnu/libtinfo.so.5.9)
==32486==    by 0x54899C2: tgetent (in /lib/x86_64-linux-gnu/libtinfo.so.5.9)
==32486==    by 0x4E6BAAB: _rl_init_terminal_io (in /lib/x86_64-linux-gnu/libreadline.so.7.0)
==32486==    by 0x4E52CA8: rl_initialize (in /lib/x86_64-linux-gnu/libreadline.so.7.0)
==32486==    by 0x4E52EE6: readline (in /lib/x86_64-linux-gnu/libreadline.so.7.0)
==32486==    by 0x401B15: ft_minishell (minishell.c:32)
==32486== 
==32486== 771 bytes in 1 blocks are still reachable in loss record 24 of 46
==32486==    at 0x4C31B0F: malloc (in /usr/lib/valgrind/vgpreload_memcheck-amd64-linux.so)
==32486==    by 0x548F188: _nc_read_termtype (in /lib/x86_64-linux-gnu/libtinfo.so.5.9)
==32486==    by 0x548F2FC: ??? (in /lib/x86_64-linux-gnu/libtinfo.so.5.9)
==32486==    by 0x548F4E6: ??? (in /lib/x86_64-linux-gnu/libtinfo.so.5.9)
==32486==    by 0x548F7D0: _nc_read_entry (in /lib/x86_64-linux-gnu/libtinfo.so.5.9)
==32486==    by 0x5489288: ??? (in /lib/x86_64-linux-gnu/libtinfo.so.5.9)
==32486==    by 0x54895D1: _nc_setupterm (in /lib/x86_64-linux-gnu/libtinfo.so.5.9)
==32486==    by 0x54899C2: tgetent (in /lib/x86_64-linux-gnu/libtinfo.so.5.9)
==32486==    by 0x4E6BAAB: _rl_init_terminal_io (in /lib/x86_64-linux-gnu/libreadline.so.7.0)
==32486==    by 0x4E52CA8: rl_initialize (in /lib/x86_64-linux-gnu/libreadline.so.7.0)
==32486==    by 0x4E52EE6: readline (in /lib/x86_64-linux-gnu/libreadline.so.7.0)
==32486==    by 0x401B15: ft_minishell (minishell.c:32)
==32486== 
==32486== 1,024 bytes in 1 blocks are still reachable in loss record 25 of 46
==32486==    at 0x4C31B0F: malloc (in /usr/lib/valgrind/vgpreload_memcheck-amd64-linux.so)
==32486==    by 0x4E75738: xmalloc (in /lib/x86_64-linux-gnu/libreadline.so.7.0)
==32486==    by 0x4E61B1A: ??? (in /lib/x86_64-linux-gnu/libreadline.so.7.0)
==32486==    by 0x4E665D8: rl_redisplay (in /lib/x86_64-linux-gnu/libreadline.so.7.0)
==32486==    by 0x4E51C37: readline_internal_setup (in /lib/x86_64-linux-gnu/libreadline.so.7.0)
==32486==    by 0x4E52F0A: readline (in /lib/x86_64-linux-gnu/libreadline.so.7.0)
==32486==    by 0x401B15: ft_minishell (minishell.c:32)
==32486==    by 0x401AD4: main (main.c:29)
==32486== 
==32486== 1,024 bytes in 1 blocks are still reachable in loss record 26 of 46
==32486==    at 0x4C31B0F: malloc (in /usr/lib/valgrind/vgpreload_memcheck-amd64-linux.so)
==32486==    by 0x4E75738: xmalloc (in /lib/x86_64-linux-gnu/libreadline.so.7.0)
==32486==    by 0x4E61B30: ??? (in /lib/x86_64-linux-gnu/libreadline.so.7.0)
==32486==    by 0x4E665D8: rl_redisplay (in /lib/x86_64-linux-gnu/libreadline.so.7.0)
==32486==    by 0x4E51C37: readline_internal_setup (in /lib/x86_64-linux-gnu/libreadline.so.7.0)
==32486==    by 0x4E52F0A: readline (in /lib/x86_64-linux-gnu/libreadline.so.7.0)
==32486==    by 0x401B15: ft_minishell (minishell.c:32)
==32486==    by 0x401AD4: main (main.c:29)
==32486== 
==32486== 1,024 bytes in 1 blocks are still reachable in loss record 27 of 46
==32486==    at 0x4C31B0F: malloc (in /usr/lib/valgrind/vgpreload_memcheck-amd64-linux.so)
==32486==    by 0x4E75738: xmalloc (in /lib/x86_64-linux-gnu/libreadline.so.7.0)
==32486==    by 0x4E61B78: ??? (in /lib/x86_64-linux-gnu/libreadline.so.7.0)
==32486==    by 0x4E665D8: rl_redisplay (in /lib/x86_64-linux-gnu/libreadline.so.7.0)
==32486==    by 0x4E51C37: readline_internal_setup (in /lib/x86_64-linux-gnu/libreadline.so.7.0)
==32486==    by 0x4E52F0A: readline (in /lib/x86_64-linux-gnu/libreadline.so.7.0)
==32486==    by 0x401B15: ft_minishell (minishell.c:32)
==32486==    by 0x401AD4: main (main.c:29)
==32486== 
==32486== 1,024 bytes in 1 blocks are still reachable in loss record 28 of 46
==32486==    at 0x4C31B0F: malloc (in /usr/lib/valgrind/vgpreload_memcheck-amd64-linux.so)
==32486==    by 0x4E75738: xmalloc (in /lib/x86_64-linux-gnu/libreadline.so.7.0)
==32486==    by 0x4E61B97: ??? (in /lib/x86_64-linux-gnu/libreadline.so.7.0)
==32486==    by 0x4E665D8: rl_redisplay (in /lib/x86_64-linux-gnu/libreadline.so.7.0)
==32486==    by 0x4E51C37: readline_internal_setup (in /lib/x86_64-linux-gnu/libreadline.so.7.0)
==32486==    by 0x4E52F0A: readline (in /lib/x86_64-linux-gnu/libreadline.so.7.0)
==32486==    by 0x401B15: ft_minishell (minishell.c:32)
==32486==    by 0x401AD4: main (main.c:29)
==32486== 
==32486== 1,024 bytes in 1 blocks are still reachable in loss record 29 of 46
==32486==    at 0x4C31B0F: malloc (in /usr/lib/valgrind/vgpreload_memcheck-amd64-linux.so)
==32486==    by 0x4E75738: xmalloc (in /lib/x86_64-linux-gnu/libreadline.so.7.0)
==32486==    by 0x4E61BAF: ??? (in /lib/x86_64-linux-gnu/libreadline.so.7.0)
==32486==    by 0x4E665D8: rl_redisplay (in /lib/x86_64-linux-gnu/libreadline.so.7.0)
==32486==    by 0x4E51C37: readline_internal_setup (in /lib/x86_64-linux-gnu/libreadline.so.7.0)
==32486==    by 0x4E52F0A: readline (in /lib/x86_64-linux-gnu/libreadline.so.7.0)
==32486==    by 0x401B15: ft_minishell (minishell.c:32)
==32486==    by 0x401AD4: main (main.c:29)
==32486== 
==32486== 1,024 bytes in 1 blocks are still reachable in loss record 30 of 46
==32486==    at 0x4C31B0F: malloc (in /usr/lib/valgrind/vgpreload_memcheck-amd64-linux.so)
==32486==    by 0x4E75738: xmalloc (in /lib/x86_64-linux-gnu/libreadline.so.7.0)
==32486==    by 0x4E61BC7: ??? (in /lib/x86_64-linux-gnu/libreadline.so.7.0)
==32486==    by 0x4E665D8: rl_redisplay (in /lib/x86_64-linux-gnu/libreadline.so.7.0)
==32486==    by 0x4E51C37: readline_internal_setup (in /lib/x86_64-linux-gnu/libreadline.so.7.0)
==32486==    by 0x4E52F0A: readline (in /lib/x86_64-linux-gnu/libreadline.so.7.0)
==32486==    by 0x401B15: ft_minishell (minishell.c:32)
==32486==    by 0x401AD4: main (main.c:29)
==32486== 
==32486== 1,536 bytes in 1 blocks are still reachable in loss record 31 of 46
==32486==    at 0x4C33D2F: realloc (in /usr/lib/valgrind/vgpreload_memcheck-amd64-linux.so)
==32486==    by 0x4E7575D: xrealloc (in /lib/x86_64-linux-gnu/libreadline.so.7.0)
==32486==    by 0x4E567F6: rl_add_funmap_entry (in /lib/x86_64-linux-gnu/libreadline.so.7.0)
==32486==    by 0x4E56895: rl_initialize_funmap (in /lib/x86_64-linux-gnu/libreadline.so.7.0)
==32486==    by 0x4E52CC7: rl_initialize (in /lib/x86_64-linux-gnu/libreadline.so.7.0)
==32486==    by 0x4E52EE6: readline (in /lib/x86_64-linux-gnu/libreadline.so.7.0)
==32486==    by 0x401B15: ft_minishell (minishell.c:32)
==32486==    by 0x401AD4: main (main.c:29)
==32486== 
==32486== 1,576 bytes in 1 blocks are still reachable in loss record 32 of 46
==32486==    at 0x4C31B0F: malloc (in /usr/lib/valgrind/vgpreload_memcheck-amd64-linux.so)
==32486==    by 0x548E75A: _nc_read_termtype (in /lib/x86_64-linux-gnu/libtinfo.so.5.9)
==32486==    by 0x548F2FC: ??? (in /lib/x86_64-linux-gnu/libtinfo.so.5.9)
==32486==    by 0x548F4E6: ??? (in /lib/x86_64-linux-gnu/libtinfo.so.5.9)
==32486==    by 0x548F7D0: _nc_read_entry (in /lib/x86_64-linux-gnu/libtinfo.so.5.9)
==32486==    by 0x5489288: ??? (in /lib/x86_64-linux-gnu/libtinfo.so.5.9)
==32486==    by 0x54895D1: _nc_setupterm (in /lib/x86_64-linux-gnu/libtinfo.so.5.9)
==32486==    by 0x54899C2: tgetent (in /lib/x86_64-linux-gnu/libtinfo.so.5.9)
==32486==    by 0x4E6BAAB: _rl_init_terminal_io (in /lib/x86_64-linux-gnu/libreadline.so.7.0)
==32486==    by 0x4E52CA8: rl_initialize (in /lib/x86_64-linux-gnu/libreadline.so.7.0)
==32486==    by 0x4E52EE6: readline (in /lib/x86_64-linux-gnu/libreadline.so.7.0)
==32486==    by 0x401B15: ft_minishell (minishell.c:32)
==32486== 
==32486== 2,032 bytes in 1 blocks are still reachable in loss record 33 of 46
==32486==    at 0x4C31B0F: malloc (in /usr/lib/valgrind/vgpreload_memcheck-amd64-linux.so)
==32486==    by 0x4E75738: xmalloc (in /lib/x86_64-linux-gnu/libreadline.so.7.0)
==32486==    by 0x4E6BCB9: _rl_init_terminal_io (in /lib/x86_64-linux-gnu/libreadline.so.7.0)
==32486==    by 0x4E52CA8: rl_initialize (in /lib/x86_64-linux-gnu/libreadline.so.7.0)
==32486==    by 0x4E52EE6: readline (in /lib/x86_64-linux-gnu/libreadline.so.7.0)
==32486==    by 0x401B15: ft_minishell (minishell.c:32)
==32486==    by 0x401AD4: main (main.c:29)
==32486== 
==32486== 2,176 bytes in 136 blocks are still reachable in loss record 34 of 46
==32486==    at 0x4C31B0F: malloc (in /usr/lib/valgrind/vgpreload_memcheck-amd64-linux.so)
==32486==    by 0x4E75738: xmalloc (in /lib/x86_64-linux-gnu/libreadline.so.7.0)
==32486==    by 0x4E5680F: rl_add_funmap_entry (in /lib/x86_64-linux-gnu/libreadline.so.7.0)
==32486==    by 0x4E56895: rl_initialize_funmap (in /lib/x86_64-linux-gnu/libreadline.so.7.0)
==32486==    by 0x4E52CC7: rl_initialize (in /lib/x86_64-linux-gnu/libreadline.so.7.0)
==32486==    by 0x4E52EE6: readline (in /lib/x86_64-linux-gnu/libreadline.so.7.0)
==32486==    by 0x401B15: ft_minishell (minishell.c:32)
==32486==    by 0x401AD4: main (main.c:29)
==32486== 
==32486== 3,824 bytes in 1 blocks are still reachable in loss record 35 of 46
==32486==    at 0x4C33D2F: realloc (in /usr/lib/valgrind/vgpreload_memcheck-amd64-linux.so)
==32486==    by 0x5487292: _nc_doalloc (in /lib/x86_64-linux-gnu/libtinfo.so.5.9)
==32486==    by 0x548EEB5: _nc_read_termtype (in /lib/x86_64-linux-gnu/libtinfo.so.5.9)
==32486==    by 0x548F2FC: ??? (in /lib/x86_64-linux-gnu/libtinfo.so.5.9)
==32486==    by 0x548F4E6: ??? (in /lib/x86_64-linux-gnu/libtinfo.so.5.9)
==32486==    by 0x548F7D0: _nc_read_entry (in /lib/x86_64-linux-gnu/libtinfo.so.5.9)
==32486==    by 0x5489288: ??? (in /lib/x86_64-linux-gnu/libtinfo.so.5.9)
==32486==    by 0x54895D1: _nc_setupterm (in /lib/x86_64-linux-gnu/libtinfo.so.5.9)
==32486==    by 0x54899C2: tgetent (in /lib/x86_64-linux-gnu/libtinfo.so.5.9)
==32486==    by 0x4E6BAAB: _rl_init_terminal_io (in /lib/x86_64-linux-gnu/libreadline.so.7.0)
==32486==    by 0x4E52CA8: rl_initialize (in /lib/x86_64-linux-gnu/libreadline.so.7.0)
==32486==    by 0x4E52EE6: readline (in /lib/x86_64-linux-gnu/libreadline.so.7.0)
==32486== 
==32486== 4,080 bytes in 1 blocks are still reachable in loss record 36 of 46
==32486==    at 0x4C31B0F: malloc (in /usr/lib/valgrind/vgpreload_memcheck-amd64-linux.so)
==32486==    by 0x4E75738: xmalloc (in /lib/x86_64-linux-gnu/libreadline.so.7.0)
==32486==    by 0x4E6BC99: _rl_init_terminal_io (in /lib/x86_64-linux-gnu/libreadline.so.7.0)
==32486==    by 0x4E52CA8: rl_initialize (in /lib/x86_64-linux-gnu/libreadline.so.7.0)
==32486==    by 0x4E52EE6: readline (in /lib/x86_64-linux-gnu/libreadline.so.7.0)
==32486==    by 0x401B15: ft_minishell (minishell.c:32)
==32486==    by 0x401AD4: main (main.c:29)
==32486== 
==32486== 4,112 bytes in 1 blocks are still reachable in loss record 37 of 46
==32486==    at 0x4C31B0F: malloc (in /usr/lib/valgrind/vgpreload_memcheck-amd64-linux.so)
==32486==    by 0x4E75738: xmalloc (in /lib/x86_64-linux-gnu/libreadline.so.7.0)
==32486==    by 0x4E5697D: rl_make_bare_keymap (in /lib/x86_64-linux-gnu/libreadline.so.7.0)
==32486==    by 0x4E5D995: rl_generic_bind (in /lib/x86_64-linux-gnu/libreadline.so.7.0)
==32486==    by 0x4E6B305: ??? (in /lib/x86_64-linux-gnu/libreadline.so.7.0)
==32486==    by 0x4E6BBEF: _rl_init_terminal_io (in /lib/x86_64-linux-gnu/libreadline.so.7.0)
==32486==    by 0x4E52CA8: rl_initialize (in /lib/x86_64-linux-gnu/libreadline.so.7.0)
==32486==    by 0x4E52EE6: readline (in /lib/x86_64-linux-gnu/libreadline.so.7.0)
==32486==    by 0x401B15: ft_minishell (minishell.c:32)
==32486==    by 0x401AD4: main (main.c:29)
==32486== 
==32486== 7,952 bytes in 1 blocks are still reachable in loss record 38 of 46
==32486==    at 0x4C33B25: calloc (in /usr/lib/valgrind/vgpreload_memcheck-amd64-linux.so)
==32486==    by 0x5486257: ??? (in /lib/x86_64-linux-gnu/libtinfo.so.5.9)
==32486==    by 0x54869E8: _nc_find_type_entry (in /lib/x86_64-linux-gnu/libtinfo.so.5.9)
==32486==    by 0x548A1A5: tgetstr (in /lib/x86_64-linux-gnu/libtinfo.so.5.9)
==32486==    by 0x4E6BAF2: _rl_init_terminal_io (in /lib/x86_64-linux-gnu/libreadline.so.7.0)
==32486==    by 0x4E52CA8: rl_initialize (in /lib/x86_64-linux-gnu/libreadline.so.7.0)
==32486==    by 0x4E52EE6: readline (in /lib/x86_64-linux-gnu/libreadline.so.7.0)
==32486==    by 0x401B15: ft_minishell (minishell.c:32)
==32486==    by 0x401AD4: main (main.c:29)
==32486== 
==32486== 8,224 bytes in 2 blocks are still reachable in loss record 39 of 46
==32486==    at 0x4C31B0F: malloc (in /usr/lib/valgrind/vgpreload_memcheck-amd64-linux.so)
==32486==    by 0x4E75738: xmalloc (in /lib/x86_64-linux-gnu/libreadline.so.7.0)
==32486==    by 0x4E5697D: rl_make_bare_keymap (in /lib/x86_64-linux-gnu/libreadline.so.7.0)
==32486==    by 0x4E5D995: rl_generic_bind (in /lib/x86_64-linux-gnu/libreadline.so.7.0)
==32486==    by 0x4E6B377: ??? (in /lib/x86_64-linux-gnu/libreadline.so.7.0)
==32486==    by 0x4E6BBEF: _rl_init_terminal_io (in /lib/x86_64-linux-gnu/libreadline.so.7.0)
==32486==    by 0x4E52CA8: rl_initialize (in /lib/x86_64-linux-gnu/libreadline.so.7.0)
==32486==    by 0x4E52EE6: readline (in /lib/x86_64-linux-gnu/libreadline.so.7.0)
==32486==    by 0x401B15: ft_minishell (minishell.c:32)
==32486==    by 0x401AD4: main (main.c:29)
==32486== 
==32486== 8,224 bytes in 2 blocks are still reachable in loss record 40 of 46
==32486==    at 0x4C31B0F: malloc (in /usr/lib/valgrind/vgpreload_memcheck-amd64-linux.so)
==32486==    by 0x4E75738: xmalloc (in /lib/x86_64-linux-gnu/libreadline.so.7.0)
==32486==    by 0x4E5697D: rl_make_bare_keymap (in /lib/x86_64-linux-gnu/libreadline.so.7.0)
==32486==    by 0x4E5D995: rl_generic_bind (in /lib/x86_64-linux-gnu/libreadline.so.7.0)
==32486==    by 0x4E6B305: ??? (in /lib/x86_64-linux-gnu/libreadline.so.7.0)
==32486==    by 0x4E6BBFB: _rl_init_terminal_io (in /lib/x86_64-linux-gnu/libreadline.so.7.0)
==32486==    by 0x4E52CA8: rl_initialize (in /lib/x86_64-linux-gnu/libreadline.so.7.0)
==32486==    by 0x4E52EE6: readline (in /lib/x86_64-linux-gnu/libreadline.so.7.0)
==32486==    by 0x401B15: ft_minishell (minishell.c:32)
==32486==    by 0x401AD4: main (main.c:29)
==32486== 
==32486== 8,224 bytes in 2 blocks are still reachable in loss record 41 of 46
==32486==    at 0x4C31B0F: malloc (in /usr/lib/valgrind/vgpreload_memcheck-amd64-linux.so)
==32486==    by 0x4E75738: xmalloc (in /lib/x86_64-linux-gnu/libreadline.so.7.0)
==32486==    by 0x4E5697D: rl_make_bare_keymap (in /lib/x86_64-linux-gnu/libreadline.so.7.0)
==32486==    by 0x4E5D995: rl_generic_bind (in /lib/x86_64-linux-gnu/libreadline.so.7.0)
==32486==    by 0x4E6B377: ??? (in /lib/x86_64-linux-gnu/libreadline.so.7.0)
==32486==    by 0x4E6BBFB: _rl_init_terminal_io (in /lib/x86_64-linux-gnu/libreadline.so.7.0)
==32486==    by 0x4E52CA8: rl_initialize (in /lib/x86_64-linux-gnu/libreadline.so.7.0)
==32486==    by 0x4E52EE6: readline (in /lib/x86_64-linux-gnu/libreadline.so.7.0)
==32486==    by 0x401B15: ft_minishell (minishell.c:32)
==32486==    by 0x401AD4: main (main.c:29)
==32486== 
==32486== 8,224 bytes in 2 blocks are still reachable in loss record 42 of 46
==32486==    at 0x4C31B0F: malloc (in /usr/lib/valgrind/vgpreload_memcheck-amd64-linux.so)
==32486==    by 0x4E75738: xmalloc (in /lib/x86_64-linux-gnu/libreadline.so.7.0)
==32486==    by 0x4E5697D: rl_make_bare_keymap (in /lib/x86_64-linux-gnu/libreadline.so.7.0)
==32486==    by 0x4E5D995: rl_generic_bind (in /lib/x86_64-linux-gnu/libreadline.so.7.0)
==32486==    by 0x4E6B305: ??? (in /lib/x86_64-linux-gnu/libreadline.so.7.0)
==32486==    by 0x4E6BC07: _rl_init_terminal_io (in /lib/x86_64-linux-gnu/libreadline.so.7.0)
==32486==    by 0x4E52CA8: rl_initialize (in /lib/x86_64-linux-gnu/libreadline.so.7.0)
==32486==    by 0x4E52EE6: readline (in /lib/x86_64-linux-gnu/libreadline.so.7.0)
==32486==    by 0x401B15: ft_minishell (minishell.c:32)
==32486==    by 0x401AD4: main (main.c:29)
==32486== 
==32486== 8,224 bytes in 2 blocks are still reachable in loss record 43 of 46
==32486==    at 0x4C31B0F: malloc (in /usr/lib/valgrind/vgpreload_memcheck-amd64-linux.so)
==32486==    by 0x4E75738: xmalloc (in /lib/x86_64-linux-gnu/libreadline.so.7.0)
==32486==    by 0x4E5697D: rl_make_bare_keymap (in /lib/x86_64-linux-gnu/libreadline.so.7.0)
==32486==    by 0x4E5D995: rl_generic_bind (in /lib/x86_64-linux-gnu/libreadline.so.7.0)
==32486==    by 0x4E6B377: ??? (in /lib/x86_64-linux-gnu/libreadline.so.7.0)
==32486==    by 0x4E6BC07: _rl_init_terminal_io (in /lib/x86_64-linux-gnu/libreadline.so.7.0)
==32486==    by 0x4E52CA8: rl_initialize (in /lib/x86_64-linux-gnu/libreadline.so.7.0)
==32486==    by 0x4E52EE6: readline (in /lib/x86_64-linux-gnu/libreadline.so.7.0)
==32486==    by 0x401B15: ft_minishell (minishell.c:32)
==32486==    by 0x401AD4: main (main.c:29)
==32486== 
==32486== 8,224 bytes in 2 blocks are still reachable in loss record 44 of 46
==32486==    at 0x4C31B0F: malloc (in /usr/lib/valgrind/vgpreload_memcheck-amd64-linux.so)
==32486==    by 0x4E75738: xmalloc (in /lib/x86_64-linux-gnu/libreadline.so.7.0)
==32486==    by 0x4E5697D: rl_make_bare_keymap (in /lib/x86_64-linux-gnu/libreadline.so.7.0)
==32486==    by 0x4E5D995: rl_generic_bind (in /lib/x86_64-linux-gnu/libreadline.so.7.0)
==32486==    by 0x4E52D43: rl_initialize (in /lib/x86_64-linux-gnu/libreadline.so.7.0)
==32486==    by 0x4E52EE6: readline (in /lib/x86_64-linux-gnu/libreadline.so.7.0)
==32486==    by 0x401B15: ft_minishell (minishell.c:32)
==32486==    by 0x401AD4: main (main.c:29)
==32486== 
==32486== 12,336 bytes in 3 blocks are still reachable in loss record 45 of 46
==32486==    at 0x4C31B0F: malloc (in /usr/lib/valgrind/vgpreload_memcheck-amd64-linux.so)
==32486==    by 0x4E75738: xmalloc (in /lib/x86_64-linux-gnu/libreadline.so.7.0)
==32486==    by 0x4E5697D: rl_make_bare_keymap (in /lib/x86_64-linux-gnu/libreadline.so.7.0)
==32486==    by 0x4E5D995: rl_generic_bind (in /lib/x86_64-linux-gnu/libreadline.so.7.0)
==32486==    by 0x4E52D56: rl_initialize (in /lib/x86_64-linux-gnu/libreadline.so.7.0)
==32486==    by 0x4E52EE6: readline (in /lib/x86_64-linux-gnu/libreadline.so.7.0)
==32486==    by 0x401B15: ft_minishell (minishell.c:32)
==32486==    by 0x401AD4: main (main.c:29)
==32486== 
==32486== 32,896 bytes in 8 blocks are still reachable in loss record 46 of 46
==32486==    at 0x4C31B0F: malloc (in /usr/lib/valgrind/vgpreload_memcheck-amd64-linux.so)
==32486==    by 0x4E75738: xmalloc (in /lib/x86_64-linux-gnu/libreadline.so.7.0)
==32486==    by 0x4E5697D: rl_make_bare_keymap (in /lib/x86_64-linux-gnu/libreadline.so.7.0)
==32486==    by 0x4E5D995: rl_generic_bind (in /lib/x86_64-linux-gnu/libreadline.so.7.0)
==32486==    by 0x4E5F61E: rl_parse_and_bind (in /lib/x86_64-linux-gnu/libreadline.so.7.0)
==32486==    by 0x4E5F87E: ??? (in /lib/x86_64-linux-gnu/libreadline.so.7.0)
==32486==    by 0x4E52CD3: rl_initialize (in /lib/x86_64-linux-gnu/libreadline.so.7.0)
==32486==    by 0x4E52EE6: readline (in /lib/x86_64-linux-gnu/libreadline.so.7.0)
==32486==    by 0x401B15: ft_minishell (minishell.c:32)
==32486==    by 0x401AD4: main (main.c:29)
==32486== 
==32486== LEAK SUMMARY:
==32486==    definitely lost: 29 bytes in 3 blocks
==32486==    indirectly lost: 36 bytes in 3 blocks
==32486==      possibly lost: 0 bytes in 0 blocks
==32486==    still reachable: 130,277 bytes in 191 blocks
==32486==         suppressed: 0 bytes in 0 blocks
==32486== 
==32486== For counts of detected and suppressed errors, rerun with: -v
==32486== ERROR SUMMARY: 5 errors from 5 contexts (suppressed: 0 from 0)
==32483== 
==32483== HEAP SUMMARY:
==32483==     in use at exit: 130,296 bytes in 194 blocks
==32483==   total heap usage: 534 allocs, 340 frees, 153,975 bytes allocated
==32483== 
==32483== 8 bytes in 1 blocks are still reachable in loss record 1 of 43
==32483==    at 0x4C31B0F: malloc (in /usr/lib/valgrind/vgpreload_memcheck-amd64-linux.so)
==32483==    by 0x51249D9: strdup (strdup.c:42)
==32483==    by 0x548FDDD: _nc_trim_sgr0 (in /lib/x86_64-linux-gnu/libtinfo.so.5.9)
==32483==    by 0x5489C25: tgetent (in /lib/x86_64-linux-gnu/libtinfo.so.5.9)
==32483==    by 0x4E6BAAB: _rl_init_terminal_io (in /lib/x86_64-linux-gnu/libreadline.so.7.0)
==32483==    by 0x4E52CA8: rl_initialize (in /lib/x86_64-linux-gnu/libreadline.so.7.0)
==32483==    by 0x4E52EE6: readline (in /lib/x86_64-linux-gnu/libreadline.so.7.0)
==32483==    by 0x401B15: ft_minishell (minishell.c:32)
==32483==    by 0x401AD4: main (main.c:29)
==32483== 
==32483== 9 bytes in 1 blocks are definitely lost in loss record 2 of 43
==32483==    at 0x4C31B0F: malloc (in /usr/lib/valgrind/vgpreload_memcheck-amd64-linux.so)
==32483==    by 0x401CC8: ft_calloc (in /home/user42/Bureau/duo_minishell/minishell)
==32483==    by 0x400E9A: ft_strcat_path_and_cmd (handle_executable.c:121)
==32483==    by 0x40104F: ft_search_executable (handle_executable.c:159)
==32483==    by 0x401B86: ft_minishell (minishell.c:41)
==32483==    by 0x401AD4: main (main.c:29)
==32483== 
==32483== 10 bytes in 2 blocks are definitely lost in loss record 3 of 43
==32483==    at 0x4C31B0F: malloc (in /usr/lib/valgrind/vgpreload_memcheck-amd64-linux.so)
==32483==    by 0x401CC8: ft_calloc (in /home/user42/Bureau/duo_minishell/minishell)
==32483==    by 0x400BCE: ft_extract_cmd (handle_executable.c:42)
==32483==    by 0x401B62: ft_minishell (minishell.c:40)
==32483==    by 0x401AD4: main (main.c:29)
==32483== 
==32483== 11 bytes in 1 blocks are still reachable in loss record 4 of 43
==32483==    at 0x4C31B0F: malloc (in /usr/lib/valgrind/vgpreload_memcheck-amd64-linux.so)
==32483==    by 0x4E75738: xmalloc (in /lib/x86_64-linux-gnu/libreadline.so.7.0)
==32483==    by 0x4E51B23: rl_set_prompt (in /lib/x86_64-linux-gnu/libreadline.so.7.0)
==32483==    by 0x4E52EE1: readline (in /lib/x86_64-linux-gnu/libreadline.so.7.0)
==32483==    by 0x401B15: ft_minishell (minishell.c:32)
==32483==    by 0x401AD4: main (main.c:29)
==32483== 
==32483== 11 bytes in 1 blocks are still reachable in loss record 5 of 43
==32483==    at 0x4C31B0F: malloc (in /usr/lib/valgrind/vgpreload_memcheck-amd64-linux.so)
==32483==    by 0x4E75738: xmalloc (in /lib/x86_64-linux-gnu/libreadline.so.7.0)
==32483==    by 0x4E61F69: ??? (in /lib/x86_64-linux-gnu/libreadline.so.7.0)
==32483==    by 0x4E6251D: rl_expand_prompt (in /lib/x86_64-linux-gnu/libreadline.so.7.0)
==32483==    by 0x4E51B44: rl_set_prompt (in /lib/x86_64-linux-gnu/libreadline.so.7.0)
==32483==    by 0x4E52EE1: readline (in /lib/x86_64-linux-gnu/libreadline.so.7.0)
==32483==    by 0x401B15: ft_minishell (minishell.c:32)
==32483==    by 0x401AD4: main (main.c:29)
==32483== 
==32483== 13 bytes in 1 blocks are still reachable in loss record 6 of 43
==32483==    at 0x4C31B0F: malloc (in /usr/lib/valgrind/vgpreload_memcheck-amd64-linux.so)
==32483==    by 0x51249D9: strdup (strdup.c:42)
==32483==    by 0x5486AC9: ??? (in /lib/x86_64-linux-gnu/libtinfo.so.5.9)
==32483==    by 0x5486DBC: _nc_first_db (in /lib/x86_64-linux-gnu/libtinfo.so.5.9)
==32483==    by 0x548F7AD: _nc_read_entry (in /lib/x86_64-linux-gnu/libtinfo.so.5.9)
==32483==    by 0x5489288: ??? (in /lib/x86_64-linux-gnu/libtinfo.so.5.9)
==32483==    by 0x54895D1: _nc_setupterm (in /lib/x86_64-linux-gnu/libtinfo.so.5.9)
==32483==    by 0x54899C2: tgetent (in /lib/x86_64-linux-gnu/libtinfo.so.5.9)
==32483==    by 0x4E6BAAB: _rl_init_terminal_io (in /lib/x86_64-linux-gnu/libreadline.so.7.0)
==32483==    by 0x4E52CA8: rl_initialize (in /lib/x86_64-linux-gnu/libreadline.so.7.0)
==32483==    by 0x4E52EE6: readline (in /lib/x86_64-linux-gnu/libreadline.so.7.0)
==32483==    by 0x401B15: ft_minishell (minishell.c:32)
==32483== 
==32483== 13 bytes in 1 blocks are still reachable in loss record 7 of 43
==32483==    at 0x4C31B0F: malloc (in /usr/lib/valgrind/vgpreload_memcheck-amd64-linux.so)
==32483==    by 0x4E75738: xmalloc (in /lib/x86_64-linux-gnu/libreadline.so.7.0)
==32483==    by 0x4E5F902: ??? (in /lib/x86_64-linux-gnu/libreadline.so.7.0)
==32483==    by 0x4E52CD3: rl_initialize (in /lib/x86_64-linux-gnu/libreadline.so.7.0)
==32483==    by 0x4E52EE6: readline (in /lib/x86_64-linux-gnu/libreadline.so.7.0)
==32483==    by 0x401B15: ft_minishell (minishell.c:32)
==32483==    by 0x401AD4: main (main.c:29)
==32483== 
==32483== 14 bytes in 1 blocks are still reachable in loss record 8 of 43
==32483==    at 0x4C33D2F: realloc (in /usr/lib/valgrind/vgpreload_memcheck-amd64-linux.so)
==32483==    by 0x5487292: _nc_doalloc (in /lib/x86_64-linux-gnu/libtinfo.so.5.9)
==32483==    by 0x548AF91: tparm (in /lib/x86_64-linux-gnu/libtinfo.so.5.9)
==32483==    by 0x548FB34: ??? (in /lib/x86_64-linux-gnu/libtinfo.so.5.9)
==32483==    by 0x548FDCF: _nc_trim_sgr0 (in /lib/x86_64-linux-gnu/libtinfo.so.5.9)
==32483==    by 0x5489C25: tgetent (in /lib/x86_64-linux-gnu/libtinfo.so.5.9)
==32483==    by 0x4E6BAAB: _rl_init_terminal_io (in /lib/x86_64-linux-gnu/libreadline.so.7.0)
==32483==    by 0x4E52CA8: rl_initialize (in /lib/x86_64-linux-gnu/libreadline.so.7.0)
==32483==    by 0x4E52EE6: readline (in /lib/x86_64-linux-gnu/libreadline.so.7.0)
==32483==    by 0x401B15: ft_minishell (minishell.c:32)
==32483==    by 0x401AD4: main (main.c:29)
==32483== 
==32483== 15 bytes in 1 blocks are still reachable in loss record 9 of 43
==32483==    at 0x4C31B0F: malloc (in /usr/lib/valgrind/vgpreload_memcheck-amd64-linux.so)
==32483==    by 0x51249D9: strdup (strdup.c:42)
==32483==    by 0x548960D: _nc_setupterm (in /lib/x86_64-linux-gnu/libtinfo.so.5.9)
==32483==    by 0x54899C2: tgetent (in /lib/x86_64-linux-gnu/libtinfo.so.5.9)
==32483==    by 0x4E6BAAB: _rl_init_terminal_io (in /lib/x86_64-linux-gnu/libreadline.so.7.0)
==32483==    by 0x4E52CA8: rl_initialize (in /lib/x86_64-linux-gnu/libreadline.so.7.0)
==32483==    by 0x4E52EE6: readline (in /lib/x86_64-linux-gnu/libreadline.so.7.0)
==32483==    by 0x401B15: ft_minishell (minishell.c:32)
==32483==    by 0x401AD4: main (main.c:29)
==32483== 
==32483== 16 bytes in 1 blocks are still reachable in loss record 10 of 43
==32483==    at 0x4C31B0F: malloc (in /usr/lib/valgrind/vgpreload_memcheck-amd64-linux.so)
==32483==    by 0x4E52D9C: rl_initialize (in /lib/x86_64-linux-gnu/libreadline.so.7.0)
==32483==    by 0x4E52EE6: readline (in /lib/x86_64-linux-gnu/libreadline.so.7.0)
==32483==    by 0x401B15: ft_minishell (minishell.c:32)
==32483==    by 0x401AD4: main (main.c:29)
==32483== 
==32483== 20 bytes in 1 blocks are still reachable in loss record 11 of 43
==32483==    at 0x4C31B0F: malloc (in /usr/lib/valgrind/vgpreload_memcheck-amd64-linux.so)
==32483==    by 0x4E75738: xmalloc (in /lib/x86_64-linux-gnu/libreadline.so.7.0)
==32483==    by 0x4E5D143: ??? (in /lib/x86_64-linux-gnu/libreadline.so.7.0)
==32483==    by 0x4E5F1DD: rl_parse_and_bind (in /lib/x86_64-linux-gnu/libreadline.so.7.0)
==32483==    by 0x4E5F87E: ??? (in /lib/x86_64-linux-gnu/libreadline.so.7.0)
==32483==    by 0x4E52CD3: rl_initialize (in /lib/x86_64-linux-gnu/libreadline.so.7.0)
==32483==    by 0x4E52EE6: readline (in /lib/x86_64-linux-gnu/libreadline.so.7.0)
==32483==    by 0x401B15: ft_minishell (minishell.c:32)
==32483==    by 0x401AD4: main (main.c:29)
==32483== 
==32483== 25 bytes in 1 blocks are still reachable in loss record 12 of 43
==32483==    at 0x4C31B0F: malloc (in /usr/lib/valgrind/vgpreload_memcheck-amd64-linux.so)
==32483==    by 0x54875B4: _nc_home_terminfo (in /lib/x86_64-linux-gnu/libtinfo.so.5.9)
==32483==    by 0x5486DA6: _nc_first_db (in /lib/x86_64-linux-gnu/libtinfo.so.5.9)
==32483==    by 0x548F7AD: _nc_read_entry (in /lib/x86_64-linux-gnu/libtinfo.so.5.9)
==32483==    by 0x5489288: ??? (in /lib/x86_64-linux-gnu/libtinfo.so.5.9)
==32483==    by 0x54895D1: _nc_setupterm (in /lib/x86_64-linux-gnu/libtinfo.so.5.9)
==32483==    by 0x54899C2: tgetent (in /lib/x86_64-linux-gnu/libtinfo.so.5.9)
==32483==    by 0x4E6BAAB: _rl_init_terminal_io (in /lib/x86_64-linux-gnu/libreadline.so.7.0)
==32483==    by 0x4E52CA8: rl_initialize (in /lib/x86_64-linux-gnu/libreadline.so.7.0)
==32483==    by 0x4E52EE6: readline (in /lib/x86_64-linux-gnu/libreadline.so.7.0)
==32483==    by 0x401B15: ft_minishell (minishell.c:32)
==32483==    by 0x401AD4: main (main.c:29)
==32483== 
==32483== 46 bytes in 1 blocks are still reachable in loss record 13 of 43
==32483==    at 0x4C33D2F: realloc (in /usr/lib/valgrind/vgpreload_memcheck-amd64-linux.so)
==32483==    by 0x5487292: _nc_doalloc (in /lib/x86_64-linux-gnu/libtinfo.so.5.9)
==32483==    by 0x548EE66: _nc_read_termtype (in /lib/x86_64-linux-gnu/libtinfo.so.5.9)
==32483==    by 0x548F2FC: ??? (in /lib/x86_64-linux-gnu/libtinfo.so.5.9)
==32483==    by 0x548F4E6: ??? (in /lib/x86_64-linux-gnu/libtinfo.so.5.9)
==32483==    by 0x548F7D0: _nc_read_entry (in /lib/x86_64-linux-gnu/libtinfo.so.5.9)
==32483==    by 0x5489288: ??? (in /lib/x86_64-linux-gnu/libtinfo.so.5.9)
==32483==    by 0x54895D1: _nc_setupterm (in /lib/x86_64-linux-gnu/libtinfo.so.5.9)
==32483==    by 0x54899C2: tgetent (in /lib/x86_64-linux-gnu/libtinfo.so.5.9)
==32483==    by 0x4E6BAAB: _rl_init_terminal_io (in /lib/x86_64-linux-gnu/libreadline.so.7.0)
==32483==    by 0x4E52CA8: rl_initialize (in /lib/x86_64-linux-gnu/libreadline.so.7.0)
==32483==    by 0x4E52EE6: readline (in /lib/x86_64-linux-gnu/libreadline.so.7.0)
==32483== 
==32483== 48 bytes in 1 blocks are still reachable in loss record 14 of 43
==32483==    at 0x4C33B25: calloc (in /usr/lib/valgrind/vgpreload_memcheck-amd64-linux.so)
==32483==    by 0x5486EBB: _nc_first_db (in /lib/x86_64-linux-gnu/libtinfo.so.5.9)
==32483==    by 0x548F7AD: _nc_read_entry (in /lib/x86_64-linux-gnu/libtinfo.so.5.9)
==32483==    by 0x5489288: ??? (in /lib/x86_64-linux-gnu/libtinfo.so.5.9)
==32483==    by 0x54895D1: _nc_setupterm (in /lib/x86_64-linux-gnu/libtinfo.so.5.9)
==32483==    by 0x54899C2: tgetent (in /lib/x86_64-linux-gnu/libtinfo.so.5.9)
==32483==    by 0x4E6BAAB: _rl_init_terminal_io (in /lib/x86_64-linux-gnu/libreadline.so.7.0)
==32483==    by 0x4E52CA8: rl_initialize (in /lib/x86_64-linux-gnu/libreadline.so.7.0)
==32483==    by 0x4E52EE6: readline (in /lib/x86_64-linux-gnu/libreadline.so.7.0)
==32483==    by 0x401B15: ft_minishell (minishell.c:32)
==32483==    by 0x401AD4: main (main.c:29)
==32483== 
==32483== 78 bytes in 1 blocks are still reachable in loss record 15 of 43
==32483==    at 0x4C33D2F: realloc (in /usr/lib/valgrind/vgpreload_memcheck-amd64-linux.so)
==32483==    by 0x5487292: _nc_doalloc (in /lib/x86_64-linux-gnu/libtinfo.so.5.9)
==32483==    by 0x548EE97: _nc_read_termtype (in /lib/x86_64-linux-gnu/libtinfo.so.5.9)
==32483==    by 0x548F2FC: ??? (in /lib/x86_64-linux-gnu/libtinfo.so.5.9)
==32483==    by 0x548F4E6: ??? (in /lib/x86_64-linux-gnu/libtinfo.so.5.9)
==32483==    by 0x548F7D0: _nc_read_entry (in /lib/x86_64-linux-gnu/libtinfo.so.5.9)
==32483==    by 0x5489288: ??? (in /lib/x86_64-linux-gnu/libtinfo.so.5.9)
==32483==    by 0x54895D1: _nc_setupterm (in /lib/x86_64-linux-gnu/libtinfo.so.5.9)
==32483==    by 0x54899C2: tgetent (in /lib/x86_64-linux-gnu/libtinfo.so.5.9)
==32483==    by 0x4E6BAAB: _rl_init_terminal_io (in /lib/x86_64-linux-gnu/libreadline.so.7.0)
==32483==    by 0x4E52CA8: rl_initialize (in /lib/x86_64-linux-gnu/libreadline.so.7.0)
==32483==    by 0x4E52EE6: readline (in /lib/x86_64-linux-gnu/libreadline.so.7.0)
==32483== 
==32483== 94 bytes in 1 blocks are still reachable in loss record 16 of 43
==32483==    at 0x4C31B0F: malloc (in /usr/lib/valgrind/vgpreload_memcheck-amd64-linux.so)
==32483==    by 0x5486E23: _nc_first_db (in /lib/x86_64-linux-gnu/libtinfo.so.5.9)
==32483==    by 0x548F7AD: _nc_read_entry (in /lib/x86_64-linux-gnu/libtinfo.so.5.9)
==32483==    by 0x5489288: ??? (in /lib/x86_64-linux-gnu/libtinfo.so.5.9)
==32483==    by 0x54895D1: _nc_setupterm (in /lib/x86_64-linux-gnu/libtinfo.so.5.9)
==32483==    by 0x54899C2: tgetent (in /lib/x86_64-linux-gnu/libtinfo.so.5.9)
==32483==    by 0x4E6BAAB: _rl_init_terminal_io (in /lib/x86_64-linux-gnu/libreadline.so.7.0)
==32483==    by 0x4E52CA8: rl_initialize (in /lib/x86_64-linux-gnu/libreadline.so.7.0)
==32483==    by 0x4E52EE6: readline (in /lib/x86_64-linux-gnu/libreadline.so.7.0)
==32483==    by 0x401B15: ft_minishell (minishell.c:32)
==32483==    by 0x401AD4: main (main.c:29)
==32483== 
==32483== 94 bytes in 1 blocks are still reachable in loss record 17 of 43
==32483==    at 0x4C31B0F: malloc (in /usr/lib/valgrind/vgpreload_memcheck-amd64-linux.so)
==32483==    by 0x548A7F3: _nc_tparm_analyze (in /lib/x86_64-linux-gnu/libtinfo.so.5.9)
==32483==    by 0x548AB4D: tparm (in /lib/x86_64-linux-gnu/libtinfo.so.5.9)
==32483==    by 0x548FB34: ??? (in /lib/x86_64-linux-gnu/libtinfo.so.5.9)
==32483==    by 0x548FDCF: _nc_trim_sgr0 (in /lib/x86_64-linux-gnu/libtinfo.so.5.9)
==32483==    by 0x5489C25: tgetent (in /lib/x86_64-linux-gnu/libtinfo.so.5.9)
==32483==    by 0x4E6BAAB: _rl_init_terminal_io (in /lib/x86_64-linux-gnu/libreadline.so.7.0)
==32483==    by 0x4E52CA8: rl_initialize (in /lib/x86_64-linux-gnu/libreadline.so.7.0)
==32483==    by 0x4E52EE6: readline (in /lib/x86_64-linux-gnu/libreadline.so.7.0)
==32483==    by 0x401B15: ft_minishell (minishell.c:32)
==32483==    by 0x401AD4: main (main.c:29)
==32483== 
==32483== 208 bytes in 1 blocks are still reachable in loss record 18 of 43
==32483==    at 0x4C33B25: calloc (in /usr/lib/valgrind/vgpreload_memcheck-amd64-linux.so)
==32483==    by 0x54895BA: _nc_setupterm (in /lib/x86_64-linux-gnu/libtinfo.so.5.9)
==32483==    by 0x54899C2: tgetent (in /lib/x86_64-linux-gnu/libtinfo.so.5.9)
==32483==    by 0x4E6BAAB: _rl_init_terminal_io (in /lib/x86_64-linux-gnu/libreadline.so.7.0)
==32483==    by 0x4E52CA8: rl_initialize (in /lib/x86_64-linux-gnu/libreadline.so.7.0)
==32483==    by 0x4E52EE6: readline (in /lib/x86_64-linux-gnu/libreadline.so.7.0)
==32483==    by 0x401B15: ft_minishell (minishell.c:32)
==32483==    by 0x401AD4: main (main.c:29)
==32483== 
==32483== 256 bytes in 1 blocks are still reachable in loss record 19 of 43
==32483==    at 0x4C31B0F: malloc (in /usr/lib/valgrind/vgpreload_memcheck-amd64-linux.so)
==32483==    by 0x4E75738: xmalloc (in /lib/x86_64-linux-gnu/libreadline.so.7.0)
==32483==    by 0x4E52EC6: rl_initialize (in /lib/x86_64-linux-gnu/libreadline.so.7.0)
==32483==    by 0x4E52EE6: readline (in /lib/x86_64-linux-gnu/libreadline.so.7.0)
==32483==    by 0x401B15: ft_minishell (minishell.c:32)
==32483==    by 0x401AD4: main (main.c:29)
==32483== 
==32483== 528 bytes in 1 blocks are still reachable in loss record 20 of 43
==32483==    at 0x4C33B25: calloc (in /usr/lib/valgrind/vgpreload_memcheck-amd64-linux.so)
==32483==    by 0x548F095: _nc_read_termtype (in /lib/x86_64-linux-gnu/libtinfo.so.5.9)
==32483==    by 0x548F2FC: ??? (in /lib/x86_64-linux-gnu/libtinfo.so.5.9)
==32483==    by 0x548F4E6: ??? (in /lib/x86_64-linux-gnu/libtinfo.so.5.9)
==32483==    by 0x548F7D0: _nc_read_entry (in /lib/x86_64-linux-gnu/libtinfo.so.5.9)
==32483==    by 0x5489288: ??? (in /lib/x86_64-linux-gnu/libtinfo.so.5.9)
==32483==    by 0x54895D1: _nc_setupterm (in /lib/x86_64-linux-gnu/libtinfo.so.5.9)
==32483==    by 0x54899C2: tgetent (in /lib/x86_64-linux-gnu/libtinfo.so.5.9)
==32483==    by 0x4E6BAAB: _rl_init_terminal_io (in /lib/x86_64-linux-gnu/libreadline.so.7.0)
==32483==    by 0x4E52CA8: rl_initialize (in /lib/x86_64-linux-gnu/libreadline.so.7.0)
==32483==    by 0x4E52EE6: readline (in /lib/x86_64-linux-gnu/libreadline.so.7.0)
==32483==    by 0x401B15: ft_minishell (minishell.c:32)
==32483== 
==32483== 771 bytes in 1 blocks are still reachable in loss record 21 of 43
==32483==    at 0x4C31B0F: malloc (in /usr/lib/valgrind/vgpreload_memcheck-amd64-linux.so)
==32483==    by 0x548F188: _nc_read_termtype (in /lib/x86_64-linux-gnu/libtinfo.so.5.9)
==32483==    by 0x548F2FC: ??? (in /lib/x86_64-linux-gnu/libtinfo.so.5.9)
==32483==    by 0x548F4E6: ??? (in /lib/x86_64-linux-gnu/libtinfo.so.5.9)
==32483==    by 0x548F7D0: _nc_read_entry (in /lib/x86_64-linux-gnu/libtinfo.so.5.9)
==32483==    by 0x5489288: ??? (in /lib/x86_64-linux-gnu/libtinfo.so.5.9)
==32483==    by 0x54895D1: _nc_setupterm (in /lib/x86_64-linux-gnu/libtinfo.so.5.9)
==32483==    by 0x54899C2: tgetent (in /lib/x86_64-linux-gnu/libtinfo.so.5.9)
==32483==    by 0x4E6BAAB: _rl_init_terminal_io (in /lib/x86_64-linux-gnu/libreadline.so.7.0)
==32483==    by 0x4E52CA8: rl_initialize (in /lib/x86_64-linux-gnu/libreadline.so.7.0)
==32483==    by 0x4E52EE6: readline (in /lib/x86_64-linux-gnu/libreadline.so.7.0)
==32483==    by 0x401B15: ft_minishell (minishell.c:32)
==32483== 
==32483== 1,024 bytes in 1 blocks are still reachable in loss record 22 of 43
==32483==    at 0x4C31B0F: malloc (in /usr/lib/valgrind/vgpreload_memcheck-amd64-linux.so)
==32483==    by 0x4E75738: xmalloc (in /lib/x86_64-linux-gnu/libreadline.so.7.0)
==32483==    by 0x4E61B1A: ??? (in /lib/x86_64-linux-gnu/libreadline.so.7.0)
==32483==    by 0x4E665D8: rl_redisplay (in /lib/x86_64-linux-gnu/libreadline.so.7.0)
==32483==    by 0x4E51C37: readline_internal_setup (in /lib/x86_64-linux-gnu/libreadline.so.7.0)
==32483==    by 0x4E52F0A: readline (in /lib/x86_64-linux-gnu/libreadline.so.7.0)
==32483==    by 0x401B15: ft_minishell (minishell.c:32)
==32483==    by 0x401AD4: main (main.c:29)
==32483== 
==32483== 1,024 bytes in 1 blocks are still reachable in loss record 23 of 43
==32483==    at 0x4C31B0F: malloc (in /usr/lib/valgrind/vgpreload_memcheck-amd64-linux.so)
==32483==    by 0x4E75738: xmalloc (in /lib/x86_64-linux-gnu/libreadline.so.7.0)
==32483==    by 0x4E61B30: ??? (in /lib/x86_64-linux-gnu/libreadline.so.7.0)
==32483==    by 0x4E665D8: rl_redisplay (in /lib/x86_64-linux-gnu/libreadline.so.7.0)
==32483==    by 0x4E51C37: readline_internal_setup (in /lib/x86_64-linux-gnu/libreadline.so.7.0)
==32483==    by 0x4E52F0A: readline (in /lib/x86_64-linux-gnu/libreadline.so.7.0)
==32483==    by 0x401B15: ft_minishell (minishell.c:32)
==32483==    by 0x401AD4: main (main.c:29)
==32483== 
==32483== 1,024 bytes in 1 blocks are still reachable in loss record 24 of 43
==32483==    at 0x4C31B0F: malloc (in /usr/lib/valgrind/vgpreload_memcheck-amd64-linux.so)
==32483==    by 0x4E75738: xmalloc (in /lib/x86_64-linux-gnu/libreadline.so.7.0)
==32483==    by 0x4E61B78: ??? (in /lib/x86_64-linux-gnu/libreadline.so.7.0)
==32483==    by 0x4E665D8: rl_redisplay (in /lib/x86_64-linux-gnu/libreadline.so.7.0)
==32483==    by 0x4E51C37: readline_internal_setup (in /lib/x86_64-linux-gnu/libreadline.so.7.0)
==32483==    by 0x4E52F0A: readline (in /lib/x86_64-linux-gnu/libreadline.so.7.0)
==32483==    by 0x401B15: ft_minishell (minishell.c:32)
==32483==    by 0x401AD4: main (main.c:29)
==32483== 
==32483== 1,024 bytes in 1 blocks are still reachable in loss record 25 of 43
==32483==    at 0x4C31B0F: malloc (in /usr/lib/valgrind/vgpreload_memcheck-amd64-linux.so)
==32483==    by 0x4E75738: xmalloc (in /lib/x86_64-linux-gnu/libreadline.so.7.0)
==32483==    by 0x4E61B97: ??? (in /lib/x86_64-linux-gnu/libreadline.so.7.0)
==32483==    by 0x4E665D8: rl_redisplay (in /lib/x86_64-linux-gnu/libreadline.so.7.0)
==32483==    by 0x4E51C37: readline_internal_setup (in /lib/x86_64-linux-gnu/libreadline.so.7.0)
==32483==    by 0x4E52F0A: readline (in /lib/x86_64-linux-gnu/libreadline.so.7.0)
==32483==    by 0x401B15: ft_minishell (minishell.c:32)
==32483==    by 0x401AD4: main (main.c:29)
==32483== 
==32483== 1,024 bytes in 1 blocks are still reachable in loss record 26 of 43
==32483==    at 0x4C31B0F: malloc (in /usr/lib/valgrind/vgpreload_memcheck-amd64-linux.so)
==32483==    by 0x4E75738: xmalloc (in /lib/x86_64-linux-gnu/libreadline.so.7.0)
==32483==    by 0x4E61BAF: ??? (in /lib/x86_64-linux-gnu/libreadline.so.7.0)
==32483==    by 0x4E665D8: rl_redisplay (in /lib/x86_64-linux-gnu/libreadline.so.7.0)
==32483==    by 0x4E51C37: readline_internal_setup (in /lib/x86_64-linux-gnu/libreadline.so.7.0)
==32483==    by 0x4E52F0A: readline (in /lib/x86_64-linux-gnu/libreadline.so.7.0)
==32483==    by 0x401B15: ft_minishell (minishell.c:32)
==32483==    by 0x401AD4: main (main.c:29)
==32483== 
==32483== 1,024 bytes in 1 blocks are still reachable in loss record 27 of 43
==32483==    at 0x4C31B0F: malloc (in /usr/lib/valgrind/vgpreload_memcheck-amd64-linux.so)
==32483==    by 0x4E75738: xmalloc (in /lib/x86_64-linux-gnu/libreadline.so.7.0)
==32483==    by 0x4E61BC7: ??? (in /lib/x86_64-linux-gnu/libreadline.so.7.0)
==32483==    by 0x4E665D8: rl_redisplay (in /lib/x86_64-linux-gnu/libreadline.so.7.0)
==32483==    by 0x4E51C37: readline_internal_setup (in /lib/x86_64-linux-gnu/libreadline.so.7.0)
==32483==    by 0x4E52F0A: readline (in /lib/x86_64-linux-gnu/libreadline.so.7.0)
==32483==    by 0x401B15: ft_minishell (minishell.c:32)
==32483==    by 0x401AD4: main (main.c:29)
==32483== 
==32483== 1,536 bytes in 1 blocks are still reachable in loss record 28 of 43
==32483==    at 0x4C33D2F: realloc (in /usr/lib/valgrind/vgpreload_memcheck-amd64-linux.so)
==32483==    by 0x4E7575D: xrealloc (in /lib/x86_64-linux-gnu/libreadline.so.7.0)
==32483==    by 0x4E567F6: rl_add_funmap_entry (in /lib/x86_64-linux-gnu/libreadline.so.7.0)
==32483==    by 0x4E56895: rl_initialize_funmap (in /lib/x86_64-linux-gnu/libreadline.so.7.0)
==32483==    by 0x4E52CC7: rl_initialize (in /lib/x86_64-linux-gnu/libreadline.so.7.0)
==32483==    by 0x4E52EE6: readline (in /lib/x86_64-linux-gnu/libreadline.so.7.0)
==32483==    by 0x401B15: ft_minishell (minishell.c:32)
==32483==    by 0x401AD4: main (main.c:29)
==32483== 
==32483== 1,576 bytes in 1 blocks are still reachable in loss record 29 of 43
==32483==    at 0x4C31B0F: malloc (in /usr/lib/valgrind/vgpreload_memcheck-amd64-linux.so)
==32483==    by 0x548E75A: _nc_read_termtype (in /lib/x86_64-linux-gnu/libtinfo.so.5.9)
==32483==    by 0x548F2FC: ??? (in /lib/x86_64-linux-gnu/libtinfo.so.5.9)
==32483==    by 0x548F4E6: ??? (in /lib/x86_64-linux-gnu/libtinfo.so.5.9)
==32483==    by 0x548F7D0: _nc_read_entry (in /lib/x86_64-linux-gnu/libtinfo.so.5.9)
==32483==    by 0x5489288: ??? (in /lib/x86_64-linux-gnu/libtinfo.so.5.9)
==32483==    by 0x54895D1: _nc_setupterm (in /lib/x86_64-linux-gnu/libtinfo.so.5.9)
==32483==    by 0x54899C2: tgetent (in /lib/x86_64-linux-gnu/libtinfo.so.5.9)
==32483==    by 0x4E6BAAB: _rl_init_terminal_io (in /lib/x86_64-linux-gnu/libreadline.so.7.0)
==32483==    by 0x4E52CA8: rl_initialize (in /lib/x86_64-linux-gnu/libreadline.so.7.0)
==32483==    by 0x4E52EE6: readline (in /lib/x86_64-linux-gnu/libreadline.so.7.0)
==32483==    by 0x401B15: ft_minishell (minishell.c:32)
==32483== 
==32483== 2,032 bytes in 1 blocks are still reachable in loss record 30 of 43
==32483==    at 0x4C31B0F: malloc (in /usr/lib/valgrind/vgpreload_memcheck-amd64-linux.so)
==32483==    by 0x4E75738: xmalloc (in /lib/x86_64-linux-gnu/libreadline.so.7.0)
==32483==    by 0x4E6BCB9: _rl_init_terminal_io (in /lib/x86_64-linux-gnu/libreadline.so.7.0)
==32483==    by 0x4E52CA8: rl_initialize (in /lib/x86_64-linux-gnu/libreadline.so.7.0)
==32483==    by 0x4E52EE6: readline (in /lib/x86_64-linux-gnu/libreadline.so.7.0)
==32483==    by 0x401B15: ft_minishell (minishell.c:32)
==32483==    by 0x401AD4: main (main.c:29)
==32483== 
==32483== 2,176 bytes in 136 blocks are still reachable in loss record 31 of 43
==32483==    at 0x4C31B0F: malloc (in /usr/lib/valgrind/vgpreload_memcheck-amd64-linux.so)
==32483==    by 0x4E75738: xmalloc (in /lib/x86_64-linux-gnu/libreadline.so.7.0)
==32483==    by 0x4E5680F: rl_add_funmap_entry (in /lib/x86_64-linux-gnu/libreadline.so.7.0)
==32483==    by 0x4E56895: rl_initialize_funmap (in /lib/x86_64-linux-gnu/libreadline.so.7.0)
==32483==    by 0x4E52CC7: rl_initialize (in /lib/x86_64-linux-gnu/libreadline.so.7.0)
==32483==    by 0x4E52EE6: readline (in /lib/x86_64-linux-gnu/libreadline.so.7.0)
==32483==    by 0x401B15: ft_minishell (minishell.c:32)
==32483==    by 0x401AD4: main (main.c:29)
==32483== 
==32483== 3,824 bytes in 1 blocks are still reachable in loss record 32 of 43
==32483==    at 0x4C33D2F: realloc (in /usr/lib/valgrind/vgpreload_memcheck-amd64-linux.so)
==32483==    by 0x5487292: _nc_doalloc (in /lib/x86_64-linux-gnu/libtinfo.so.5.9)
==32483==    by 0x548EEB5: _nc_read_termtype (in /lib/x86_64-linux-gnu/libtinfo.so.5.9)
==32483==    by 0x548F2FC: ??? (in /lib/x86_64-linux-gnu/libtinfo.so.5.9)
==32483==    by 0x548F4E6: ??? (in /lib/x86_64-linux-gnu/libtinfo.so.5.9)
==32483==    by 0x548F7D0: _nc_read_entry (in /lib/x86_64-linux-gnu/libtinfo.so.5.9)
==32483==    by 0x5489288: ??? (in /lib/x86_64-linux-gnu/libtinfo.so.5.9)
==32483==    by 0x54895D1: _nc_setupterm (in /lib/x86_64-linux-gnu/libtinfo.so.5.9)
==32483==    by 0x54899C2: tgetent (in /lib/x86_64-linux-gnu/libtinfo.so.5.9)
==32483==    by 0x4E6BAAB: _rl_init_terminal_io (in /lib/x86_64-linux-gnu/libreadline.so.7.0)
==32483==    by 0x4E52CA8: rl_initialize (in /lib/x86_64-linux-gnu/libreadline.so.7.0)
==32483==    by 0x4E52EE6: readline (in /lib/x86_64-linux-gnu/libreadline.so.7.0)
==32483== 
==32483== 4,080 bytes in 1 blocks are still reachable in loss record 33 of 43
==32483==    at 0x4C31B0F: malloc (in /usr/lib/valgrind/vgpreload_memcheck-amd64-linux.so)
==32483==    by 0x4E75738: xmalloc (in /lib/x86_64-linux-gnu/libreadline.so.7.0)
==32483==    by 0x4E6BC99: _rl_init_terminal_io (in /lib/x86_64-linux-gnu/libreadline.so.7.0)
==32483==    by 0x4E52CA8: rl_initialize (in /lib/x86_64-linux-gnu/libreadline.so.7.0)
==32483==    by 0x4E52EE6: readline (in /lib/x86_64-linux-gnu/libreadline.so.7.0)
==32483==    by 0x401B15: ft_minishell (minishell.c:32)
==32483==    by 0x401AD4: main (main.c:29)
==32483== 
==32483== 4,112 bytes in 1 blocks are still reachable in loss record 34 of 43
==32483==    at 0x4C31B0F: malloc (in /usr/lib/valgrind/vgpreload_memcheck-amd64-linux.so)
==32483==    by 0x4E75738: xmalloc (in /lib/x86_64-linux-gnu/libreadline.so.7.0)
==32483==    by 0x4E5697D: rl_make_bare_keymap (in /lib/x86_64-linux-gnu/libreadline.so.7.0)
==32483==    by 0x4E5D995: rl_generic_bind (in /lib/x86_64-linux-gnu/libreadline.so.7.0)
==32483==    by 0x4E6B305: ??? (in /lib/x86_64-linux-gnu/libreadline.so.7.0)
==32483==    by 0x4E6BBEF: _rl_init_terminal_io (in /lib/x86_64-linux-gnu/libreadline.so.7.0)
==32483==    by 0x4E52CA8: rl_initialize (in /lib/x86_64-linux-gnu/libreadline.so.7.0)
==32483==    by 0x4E52EE6: readline (in /lib/x86_64-linux-gnu/libreadline.so.7.0)
==32483==    by 0x401B15: ft_minishell (minishell.c:32)
==32483==    by 0x401AD4: main (main.c:29)
==32483== 
==32483== 7,952 bytes in 1 blocks are still reachable in loss record 35 of 43
==32483==    at 0x4C33B25: calloc (in /usr/lib/valgrind/vgpreload_memcheck-amd64-linux.so)
==32483==    by 0x5486257: ??? (in /lib/x86_64-linux-gnu/libtinfo.so.5.9)
==32483==    by 0x54869E8: _nc_find_type_entry (in /lib/x86_64-linux-gnu/libtinfo.so.5.9)
==32483==    by 0x548A1A5: tgetstr (in /lib/x86_64-linux-gnu/libtinfo.so.5.9)
==32483==    by 0x4E6BAF2: _rl_init_terminal_io (in /lib/x86_64-linux-gnu/libreadline.so.7.0)
==32483==    by 0x4E52CA8: rl_initialize (in /lib/x86_64-linux-gnu/libreadline.so.7.0)
==32483==    by 0x4E52EE6: readline (in /lib/x86_64-linux-gnu/libreadline.so.7.0)
==32483==    by 0x401B15: ft_minishell (minishell.c:32)
==32483==    by 0x401AD4: main (main.c:29)
==32483== 
==32483== 8,224 bytes in 2 blocks are still reachable in loss record 36 of 43
==32483==    at 0x4C31B0F: malloc (in /usr/lib/valgrind/vgpreload_memcheck-amd64-linux.so)
==32483==    by 0x4E75738: xmalloc (in /lib/x86_64-linux-gnu/libreadline.so.7.0)
==32483==    by 0x4E5697D: rl_make_bare_keymap (in /lib/x86_64-linux-gnu/libreadline.so.7.0)
==32483==    by 0x4E5D995: rl_generic_bind (in /lib/x86_64-linux-gnu/libreadline.so.7.0)
==32483==    by 0x4E6B377: ??? (in /lib/x86_64-linux-gnu/libreadline.so.7.0)
==32483==    by 0x4E6BBEF: _rl_init_terminal_io (in /lib/x86_64-linux-gnu/libreadline.so.7.0)
==32483==    by 0x4E52CA8: rl_initialize (in /lib/x86_64-linux-gnu/libreadline.so.7.0)
==32483==    by 0x4E52EE6: readline (in /lib/x86_64-linux-gnu/libreadline.so.7.0)
==32483==    by 0x401B15: ft_minishell (minishell.c:32)
==32483==    by 0x401AD4: main (main.c:29)
==32483== 
==32483== 8,224 bytes in 2 blocks are still reachable in loss record 37 of 43
==32483==    at 0x4C31B0F: malloc (in /usr/lib/valgrind/vgpreload_memcheck-amd64-linux.so)
==32483==    by 0x4E75738: xmalloc (in /lib/x86_64-linux-gnu/libreadline.so.7.0)
==32483==    by 0x4E5697D: rl_make_bare_keymap (in /lib/x86_64-linux-gnu/libreadline.so.7.0)
==32483==    by 0x4E5D995: rl_generic_bind (in /lib/x86_64-linux-gnu/libreadline.so.7.0)
==32483==    by 0x4E6B305: ??? (in /lib/x86_64-linux-gnu/libreadline.so.7.0)
==32483==    by 0x4E6BBFB: _rl_init_terminal_io (in /lib/x86_64-linux-gnu/libreadline.so.7.0)
==32483==    by 0x4E52CA8: rl_initialize (in /lib/x86_64-linux-gnu/libreadline.so.7.0)
==32483==    by 0x4E52EE6: readline (in /lib/x86_64-linux-gnu/libreadline.so.7.0)
==32483==    by 0x401B15: ft_minishell (minishell.c:32)
==32483==    by 0x401AD4: main (main.c:29)
==32483== 
==32483== 8,224 bytes in 2 blocks are still reachable in loss record 38 of 43
==32483==    at 0x4C31B0F: malloc (in /usr/lib/valgrind/vgpreload_memcheck-amd64-linux.so)
==32483==    by 0x4E75738: xmalloc (in /lib/x86_64-linux-gnu/libreadline.so.7.0)
==32483==    by 0x4E5697D: rl_make_bare_keymap (in /lib/x86_64-linux-gnu/libreadline.so.7.0)
==32483==    by 0x4E5D995: rl_generic_bind (in /lib/x86_64-linux-gnu/libreadline.so.7.0)
==32483==    by 0x4E6B377: ??? (in /lib/x86_64-linux-gnu/libreadline.so.7.0)
==32483==    by 0x4E6BBFB: _rl_init_terminal_io (in /lib/x86_64-linux-gnu/libreadline.so.7.0)
==32483==    by 0x4E52CA8: rl_initialize (in /lib/x86_64-linux-gnu/libreadline.so.7.0)
==32483==    by 0x4E52EE6: readline (in /lib/x86_64-linux-gnu/libreadline.so.7.0)
==32483==    by 0x401B15: ft_minishell (minishell.c:32)
==32483==    by 0x401AD4: main (main.c:29)
==32483== 
==32483== 8,224 bytes in 2 blocks are still reachable in loss record 39 of 43
==32483==    at 0x4C31B0F: malloc (in /usr/lib/valgrind/vgpreload_memcheck-amd64-linux.so)
==32483==    by 0x4E75738: xmalloc (in /lib/x86_64-linux-gnu/libreadline.so.7.0)
==32483==    by 0x4E5697D: rl_make_bare_keymap (in /lib/x86_64-linux-gnu/libreadline.so.7.0)
==32483==    by 0x4E5D995: rl_generic_bind (in /lib/x86_64-linux-gnu/libreadline.so.7.0)
==32483==    by 0x4E6B305: ??? (in /lib/x86_64-linux-gnu/libreadline.so.7.0)
==32483==    by 0x4E6BC07: _rl_init_terminal_io (in /lib/x86_64-linux-gnu/libreadline.so.7.0)
==32483==    by 0x4E52CA8: rl_initialize (in /lib/x86_64-linux-gnu/libreadline.so.7.0)
==32483==    by 0x4E52EE6: readline (in /lib/x86_64-linux-gnu/libreadline.so.7.0)
==32483==    by 0x401B15: ft_minishell (minishell.c:32)
==32483==    by 0x401AD4: main (main.c:29)
==32483== 
==32483== 8,224 bytes in 2 blocks are still reachable in loss record 40 of 43
==32483==    at 0x4C31B0F: malloc (in /usr/lib/valgrind/vgpreload_memcheck-amd64-linux.so)
==32483==    by 0x4E75738: xmalloc (in /lib/x86_64-linux-gnu/libreadline.so.7.0)
==32483==    by 0x4E5697D: rl_make_bare_keymap (in /lib/x86_64-linux-gnu/libreadline.so.7.0)
==32483==    by 0x4E5D995: rl_generic_bind (in /lib/x86_64-linux-gnu/libreadline.so.7.0)
==32483==    by 0x4E6B377: ??? (in /lib/x86_64-linux-gnu/libreadline.so.7.0)
==32483==    by 0x4E6BC07: _rl_init_terminal_io (in /lib/x86_64-linux-gnu/libreadline.so.7.0)
==32483==    by 0x4E52CA8: rl_initialize (in /lib/x86_64-linux-gnu/libreadline.so.7.0)
==32483==    by 0x4E52EE6: readline (in /lib/x86_64-linux-gnu/libreadline.so.7.0)
==32483==    by 0x401B15: ft_minishell (minishell.c:32)
==32483==    by 0x401AD4: main (main.c:29)
==32483== 
==32483== 8,224 bytes in 2 blocks are still reachable in loss record 41 of 43
==32483==    at 0x4C31B0F: malloc (in /usr/lib/valgrind/vgpreload_memcheck-amd64-linux.so)
==32483==    by 0x4E75738: xmalloc (in /lib/x86_64-linux-gnu/libreadline.so.7.0)
==32483==    by 0x4E5697D: rl_make_bare_keymap (in /lib/x86_64-linux-gnu/libreadline.so.7.0)
==32483==    by 0x4E5D995: rl_generic_bind (in /lib/x86_64-linux-gnu/libreadline.so.7.0)
==32483==    by 0x4E52D43: rl_initialize (in /lib/x86_64-linux-gnu/libreadline.so.7.0)
==32483==    by 0x4E52EE6: readline (in /lib/x86_64-linux-gnu/libreadline.so.7.0)
==32483==    by 0x401B15: ft_minishell (minishell.c:32)
==32483==    by 0x401AD4: main (main.c:29)
==32483== 
==32483== 12,336 bytes in 3 blocks are still reachable in loss record 42 of 43
==32483==    at 0x4C31B0F: malloc (in /usr/lib/valgrind/vgpreload_memcheck-amd64-linux.so)
==32483==    by 0x4E75738: xmalloc (in /lib/x86_64-linux-gnu/libreadline.so.7.0)
==32483==    by 0x4E5697D: rl_make_bare_keymap (in /lib/x86_64-linux-gnu/libreadline.so.7.0)
==32483==    by 0x4E5D995: rl_generic_bind (in /lib/x86_64-linux-gnu/libreadline.so.7.0)
==32483==    by 0x4E52D56: rl_initialize (in /lib/x86_64-linux-gnu/libreadline.so.7.0)
==32483==    by 0x4E52EE6: readline (in /lib/x86_64-linux-gnu/libreadline.so.7.0)
==32483==    by 0x401B15: ft_minishell (minishell.c:32)
==32483==    by 0x401AD4: main (main.c:29)
==32483== 
==32483== 32,896 bytes in 8 blocks are still reachable in loss record 43 of 43
==32483==    at 0x4C31B0F: malloc (in /usr/lib/valgrind/vgpreload_memcheck-amd64-linux.so)
==32483==    by 0x4E75738: xmalloc (in /lib/x86_64-linux-gnu/libreadline.so.7.0)
==32483==    by 0x4E5697D: rl_make_bare_keymap (in /lib/x86_64-linux-gnu/libreadline.so.7.0)
==32483==    by 0x4E5D995: rl_generic_bind (in /lib/x86_64-linux-gnu/libreadline.so.7.0)
==32483==    by 0x4E5F61E: rl_parse_and_bind (in /lib/x86_64-linux-gnu/libreadline.so.7.0)
==32483==    by 0x4E5F87E: ??? (in /lib/x86_64-linux-gnu/libreadline.so.7.0)
==32483==    by 0x4E52CD3: rl_initialize (in /lib/x86_64-linux-gnu/libreadline.so.7.0)
==32483==    by 0x4E52EE6: readline (in /lib/x86_64-linux-gnu/libreadline.so.7.0)
==32483==    by 0x401B15: ft_minishell (minishell.c:32)
==32483==    by 0x401AD4: main (main.c:29)
==32483== 
==32483== LEAK SUMMARY:
==32483==    definitely lost: 19 bytes in 3 blocks
==32483==    indirectly lost: 0 bytes in 0 blocks
==32483==      possibly lost: 0 bytes in 0 blocks
==32483==    still reachable: 130,277 bytes in 191 blocks
==32483==         suppressed: 0 bytes in 0 blocks
==32483== 
==32483== For counts of detected and suppressed errors, rerun with: -v
==32483== ERROR SUMMARY: 2 errors from 2 contexts (suppressed: 0 from 0)
